{"resourceMetrics":[{"resource":{"attributes":[{"key":"custom_attribute","value":{"stringValue":"custom_attribute_value"}},{"key":"sw.otelcol.collector.name","value":{"stringValue":"testing_collector_name"}},{"key":"sw.otelcol.collector.entity_creation","value":{"stringValue":"on"}},{"key":"sw.otelcol.collector.version","value":{"stringValue":"0.118.0"}}]},"scopeMetrics":[{"scope":{"name":"github.com/solarwinds/solarwinds-otel-collector-contrib/extension/solarwindsextension","version":"0.118.0"},"metrics":[{"name":"sw.otelcol.uptime","gauge":{"dataPoints":[{"timeUnixNano":"1740532998780275010","asDouble":30.001817461}]}}]}]}]}