{"resourceMetrics":[{"resource":{"attributes":[{"key":"sw.otelcol.collector.name","value":{"stringValue":"testing_collector_name"}},{"key":"sw.otelcol.collector.version","value":{"stringValue":"0.118.0"}}]},"scopeMetrics":[{"scope":{"name":"github.com/solarwinds/solarwinds-otel-collector-contrib/extension/solarwindsextension","version":"0.118.0"},"metrics":[{"name":"sw.otelcol.uptime","gauge":{"dataPoints":[{"timeUnixNano":"1740525874258699713","asDouble":0.008373212}]}}]}]}]}